\! bash sql/backup.sh
###### BACKUP COMMAND TEST-0001 ######
###### full backup mode ######
NOTICE:  pg_stop_backup complete, all required WAL segments have been archived
0
1
3
###### BACKUP COMMAND TEST-0002 ######
###### page backup mode ######
Find timeline index
NOTICE:  pg_stop_backup complete, all required WAL segments have been archived
0
2
6
###### BACKUP COMMAND TEST-0005 ######
###### full backup with compression ######
NOTICE:  pg_stop_backup complete, all required WAL segments have been archived
0
1
0
3
###### BACKUP COMMAND TEST-0006 ######
###### full backup with smooth checkpoint ######
NOTICE:  pg_stop_backup complete, all required WAL segments have been archived
0
1
3
