\! bash sql/backup_management.sh
###### BACKUP MANAGEMENT TEST-0001 ######
###### keep generations for full backup ######
NOTICE:  pg_stop_backup complete, all required WAL segments have been archived
0
NOTICE:  pg_stop_backup complete, all required WAL segments have been archived
0
6
NOTICE:  pg_stop_backup complete, all required WAL segments have been archived
0
Number of remaining full backups validated: 2
Number of deleted backups : 1
6
###### BACKUP MANAGEMENT TEST-0002 ######
###### keep generations for full and page backup ######
NOTICE:  pg_stop_backup complete, all required WAL segments have been archived
0
NOTICE:  pg_stop_backup complete, all required WAL segments have been archived
0
Find timeline index
NOTICE:  pg_stop_backup complete, all required WAL segments have been archived
0
9
0
Number of remaining full backups validated: 2
Number of deleted backups : 1
9
###### BACKUP MANAGEMENT TEST-0004 ######
###### keep generations for full and error backup ######
NOTICE:  pg_stop_backup complete, all required WAL segments have been archived
0
NOTICE:  pg_stop_backup complete, all required WAL segments have been archived
0
NOTICE:  pg_stop_backup complete, all required WAL segments have been archived
0
0
6
0
Number of remaining full backups validated: 2
Number of deleted backups : 1
6
###### BACKUP MANAGEMENT TEST-0005 ######
###### keep days for full backup ######
NOTICE:  pg_stop_backup complete, all required WAL segments have been archived
0
17
NOTICE:  pg_stop_backup complete, all required WAL segments have been archived
0
Number of remaining full backups validated: 2
Number of deleted backups : 2
6
###### BACKUP MANAGEMENT TEST-0006 ######
###### keep days for full and page backup ######
NOTICE:  pg_stop_backup complete, all required WAL segments have been archived
0
24
0
Number of remaining full backups validated: 2
Number of deleted backups : 3
6
###### BACKUP MANAGEMENT TEST-0008 ######
###### keep days for full and error backup ######
NOTICE:  pg_stop_backup complete, all required WAL segments have been archived
0
10
0
Number of remaining full backups validated: 2
Number of deleted backups : 2
6
###### BACKUP MANAGEMENT TEST-0009 ######
###### keep generations and days together with full backup ######
NOTICE:  pg_stop_backup complete, all required WAL segments have been archived
0
24
keep data generation : 1, keep data days : 2
0
Number of remaining full backups validated: 3
Number of deleted backups : 2
13
###### BACKUP MANAGEMENT TEST-0010 ######
###### keep generations and days together with full backup ######
NOTICE:  pg_stop_backup complete, all required WAL segments have been archived
0
24
keep data generation : 3, keep data days : 1
0
Number of remaining full backups validated: 4
Number of deleted backups : 1
20
###### BACKUP MANAGEMENT TEST-0011 ######
###### keep generations and days together with full and page backup ######
NOTICE:  pg_stop_backup complete, all required WAL segments have been archived
0
31
keep data generation : 2, keep data days : 2
0
Number of remaining full backups validated: 3
Number of deleted backups : 3
13
###### BACKUP MANAGEMENT TEST-0013 ######
###### keep generations and days together with full and error backup ######
NOTICE:  pg_stop_backup complete, all required WAL segments have been archived
0
24
keep data generation : 2, keep data days : 2
0
Number of remaining full backups validated: 3
Number of deleted backups : 3
13
