\! bash sql/restore.sh
###### RESTORE COMMAND TEST-0001 ######
###### recovery to latest from full backup ######
NOTICE:  pg_stop_backup complete, all required WAL segments have been archived
0
0

###### RESTORE COMMAND TEST-0002 ######
###### recovery to latest from full + page backups ######
NOTICE:  pg_stop_backup complete, all required WAL segments have been archived
0
Find timeline index
not found pagesnot found pagesnot found pagesnot found pagesnot found pagesnot found pagesNOTICE:  pg_stop_backup complete, all required WAL segments have been archived
0
0

###### RESTORE COMMAND TEST-0003 ######
###### recovery to latest from compressed full backup ######
NOTICE:  pg_stop_backup complete, all required WAL segments have been archived
0
0

###### RESTORE COMMAND TEST-0005 ######
###### recovery to target timeline ######
NOTICE:  pg_stop_backup complete, all required WAL segments have been archived
0
0
0
checking recovery.conf...
OK: recovery.conf has the given target timeline.

###### RESTORE COMMAND TEST-0006 ######
###### recovery to target time ######
NOTICE:  pg_stop_backup complete, all required WAL segments have been archived
0
0

###### RESTORE COMMAND TEST-0010 ######
###### recovery from page backup after database creation ######
NOTICE:  pg_stop_backup complete, all required WAL segments have been archived
0
Find timeline index
NOTICE:  pg_stop_backup complete, all required WAL segments have been archived
0
0
